// Jest Snapshot v1, https://goo.gl/fbAQLP

exports[`CategoryModal renders CategoryModal 1`] = `
<div
  className="modal--category"
>
  <div
    className="modal--category__title"
    onClick={[Function]}
  >
    Category
  </div>
  <Dropdown
    activeFilters={
      Array [
        1,
        2,
      ]
    }
    clearFilter={[Function]}
    data={
      Array [
        "circles",
        "squares",
        "triangles",
      ]
    }
    dropdownClass="modal--category__data"
    isOpen={false}
    toggleFilter={[Function]}
  />
</div>
`;
