// Jest Snapshot v1, https://goo.gl/fbAQLP

exports[`ColorModal renders ColorModal 1`] = `
<div
  className="modal--color"
>
  <div
    className="modal--color__title"
    onClick={[Function]}
  >
    Colors
  </div>
  <DropDown
    data={
      Array [
        1,
        2,
      ]
    }
    isOpen={false}
    updatePage={[Function]}
  />
</div>
`;

exports[`ColorModal renders DropDown 1`] = `
<div
  className="modal--color__data"
>
  <div
    onClick={[Function]}
  >
    1
  </div>
  <div
    onClick={[Function]}
  >
    2
  </div>
  <div>
    ..clear
  </div>
</div>
`;
