// Jest Snapshot v1, https://goo.gl/fbAQLP

exports[`ColorModal renders ColorModal 1`] = `
<div
  className="modal--color"
>
  <div
    className="modal--color__title"
    onClick={[Function]}
  >
    Colors
  </div>
  <Dropdown
    clearFilter={undefined}
    data={
      Array [
        1,
        2,
      ]
    }
    dropdownClass="modal--color__data"
    isOpen={false}
    toggleFilter={undefined}
  />
</div>
`;
