// Jest Snapshot v1, https://goo.gl/fbAQLP

exports[`rootReducer returns default state 1`] = `
Object {
  "activeFilters": Object {
    "categories": Array [
      "test",
    ],
    "colors": Array [
      "test2",
    ],
  },
  "filteredProducts": Array [
    Object {
      "category": "one",
      "colors": Array [
        "blue",
      ],
    },
    Object {
      "category": "two",
      "colors": Array [
        "green",
      ],
    },
  ],
  "products": Array [
    Object {
      "category": "one",
      "colors": Array [
        "blue",
      ],
    },
    Object {
      "category": "two",
      "colors": Array [
        "green",
      ],
    },
  ],
}
`;
